// Jest Snapshot v1, https://goo.gl/fbAQLP

exports[`Menu renders correctly 1`] = `
<nav>
  <ul>
    <li>
      <a
        href="/"
      >
        Episodes
      </a>
    </li>
    <li>
      <a
        href="/pages/about"
      >
        About
      </a>
    </li>
    <li>
      <a
        href="/pages/contacts"
      >
        Contact
      </a>
    </li>
  </ul>
</nav>
`;
